A0	1
A1	1
A2	1
A3	4
A4	2
A5	3
A6	2
A7	3
A8	4
A9	2
A10	3
A11	1
A12	4
A13	1
A14	2
A15	4
A16	4
A17	1
A18	3
A19	3
A20	4
A21	4
A22	3
A23	3
A24	3
A25	3
A26	2
A27	1
A28	3
A29	2
A30	1
A31	2
A32	1
A33	2
A34	3
A35	3
A36	4
A37	3
A38	4
A39	1
A40	3
A41	2
A42	2
A43	4
A44	2
A45	4
A46	2
A47	3
A48	4
A49	1
A50	4
A51	1
A52	2
A53	4
A54	1
A55	3
A56	2
A57	4
A58	1
A59	1
A60	4
A61	1
A62	2
A63	2
A64	4
A65	1
A66	3
A67	3
A68	2
A69	3
A70	2
A71	1
A72	4
A73	3
A74	1
A75	2
A76	4
A77	2
A78	1
A79	1
