A0	2
A1	1
A2	3
A3	4
A4	3
A5	2
A6	2
A7	4
A8	4
A9	3
A10	1
A11	1
A12	1
A13	3
A14	2
A15	1
A16	4
A17	2
A18	1
A19	2
A20	2
A21	2
A22	2
A23	3
A24	1
A25	1
A26	2
A27	2
A28	4
A29	4
A30	4
A31	2
A32	2
A33	1
A34	1
A35	1
A36	1
A37	4
A38	1
A39	1
A40	1
A41	1
A42	2
A43	4
A44	3
A45	2
A46	1
A47	4
A48	3
A49	3
A50	2
A51	3
A52	2
A53	1
A54	3
A55	3
A56	3
A57	3
A58	4
A59	4
A60	3
A61	4
A62	1
A63	1
A64	4
A65	4
A66	4
A67	4
A68	3
A69	2
A70	3
A71	3
A72	1
A73	4
A74	3
A75	1
A76	4
A77	2
A78	2
A79	2
