G0,A3
G1,A1A2
G2,A3
G3,A1A3A2
G4,A1A2
G5,A3A2
G6,A1A3
G7,A1A2
G8,A1
G9,A2
G10,A1
G11,A1
G12,A1A2
G13,A1A2
G14,A3A2
G15,A1A3
G16,A2
G17,A1A2
G18,A3A2
G19,A1A3
G20,A1
G21,A1A3A2
G22,A3
G23,A3A2
G24,A1A3
G25,A2
G26,A3
G27,A1
G28,A1A2
G29,A3
G30,A2
G31,A3
G32,A3A2
G33,A1A3A2
G34,A1
G35,A3
G36,A1A3
G37,A1A2
G38,A2
G39,A1A3
G40,A2
G41,A1A3
G42,A1A2
G43,A3A2
G44,A1A2
G45,A1A3
G46,A1A3A2
G47,A1A2
G48,A1A2
G49,A1A2
G50,A1A2
G51,A3
G52,A1
G53,A1
G54,A1
G55,A2
G56,A3A2
G57,A1A3
G58,A1A3
G59,A1A2
G60,A1A3
G61,A3
G62,A3A2
G63,A1
G64,A3
G65,A3A2
G66,A1A3
G67,A1A3A2
G68,A1A3A2
G69,A2
G70,A1A3
G71,A3A2
G72,A1A2
G73,A2
G74,A3
G75,A3A2
G76,A1A3
G77,A3A2
G78,A3
G79,A1A2
G80,A2
G81,A2
G82,A3
G83,A3A2
G84,A2
G85,A2
G86,A1A2
G87,A1
G88,A1A2
G89,A3A2
G90,A3
G91,A1
G92,A1A2
G93,A3A2
G94,A1A3
G95,A2
G96,A3
G97,A3
G98,A3A2
G99,A1A2
G100,A3A2
G101,A1A3
G102,A1A2
G103,A1A2
G104,A3A2
G105,A1A3A2
G106,A1A2
G107,A3A2
G108,A1A3A2
G109,A1A3
G110,A2
G111,A1A3
G112,A1A2
G113,A1A2
G114,A3A2
G115,A2
G116,A1A2
G117,A1A3A2
G118,A2
G119,A2
G120,A3A2
G121,A2
G122,A1A2
G123,A2
G124,A2
G125,A1A3A2
G126,A1
G127,A1A2
G128,A1A3A2
G129,A3
G130,A1
G131,A1A2
G132,A1A2
G133,A3
G134,A3
G135,A1A3
G136,A1
G137,A2
G138,A3
G139,A2
G140,A2
G141,A1A3A2
G142,A1A3
G143,A1A2
G144,A2
G145,A3A2
G146,A3
G147,A1
G148,A2
G149,A3A2
G150,A2
G151,A3
G152,A1
G153,A1A3
G154,A3A2
G155,A1
G156,A3A2
G157,A1A3
G158,A1A3
G159,A2
G160,A1A2
G161,A3A2
G162,A1
G163,A3A2
G164,A3A2
G165,A3
G166,A1A2
G167,A1
G168,A1A3
G169,A1
G170,A3
G171,A3
G172,A1A3A2
G173,A1A3
G174,A1
G175,A1A3
G176,A2
G177,A1
G178,A3A2
G179,A2
G180,A1A3A2
G181,A2
G182,A3
G183,A2
G184,A1A2
G185,A3
G186,A3
G187,A1A2
G188,A1
G189,A2
G190,A1
G191,A3
G192,A3A2
G193,A3A2
G194,A1A2
G195,A3
G196,A2
G197,A3
G198,A1A3
G199,A1
G200,A1A3A2
G201,A3A2
G202,A2
G203,A1A2
G204,A3A2
G205,A2
G206,A2
G207,A3
G208,A2
G209,A2
G210,A1A2
G211,A3
G212,A3
G213,A1A2
G214,A1
G215,A1A2
G216,A1
G217,A3
G218,A1A3
G219,A3
G220,A2
G221,A1
G222,A1A3A2
G223,A3
G224,A3
G225,A1A3
G226,A3A2
G227,A2
G228,A1
G229,A3
G230,A1A2
G231,A3
G232,A1
G233,A1A3
G234,A1
G235,A2
G236,A2
G237,A3
G238,A3A2
G239,A1A2
G240,A3
G241,A2
G242,A1A3
G243,A3
G244,A3
G245,A1A3A2
G246,A1A3
G247,A3A2
G248,A2
G249,A1
G250,A1A3
G251,A1
G252,A3
G253,A2
G254,A1A3A2
G255,A1
G256,A1A2
G257,A1A3
G258,A1
G259,A1A3
G260,A3
G261,A1A3
G262,A3
G263,A1
G264,A1A3
G265,A1
G266,A1A3
G267,A1
G268,A1A3
G269,A1A3
G270,A2
G271,A1A3
G272,A3
G273,A3
G274,A3A2
G275,A2
G276,A1A2
G277,A1A2
G278,A2
G279,A2
G280,A1A2
G281,A3
G282,A2
G283,A2
G284,A2
G285,A3A2
G286,A3A2
G287,A1A2
G288,A2
G289,A3A2
G290,A3A2
G291,A3
G292,A2
G293,A3A2
G294,A1A3
G295,A3A2
G296,A2
G297,A1A3
G298,A3
G299,A3A2
G300,A2
G301,A1A3
G302,A2
G303,A2
G304,A1A2
G305,A1
G306,A1A3A2
G307,A1A3
G308,A2
G309,A1A3A2
G310,A3A2
G311,A2
G312,A3
G313,A3A2
G314,A2
G315,A1A3
G316,A1A3
G317,A2
G318,A1
G319,A3A2
G320,A1
G321,A3A2
G322,A1A3
G323,A1A3
G324,A3
G325,A1A2
G326,A1A2
G327,A3
G328,A1A2
G329,A3A2
G330,A1A3A2
G331,A1A2
G332,A3A2
G333,A3A2
G334,A3
G335,A1A3
G336,A2
G337,A3
G338,A1
G339,A3
G340,A1
G341,A2
G342,A3A2
G343,A1A3A2
G344,A1A3A2
G345,A1A2
G346,A1
G347,A1A3
G348,A3
G349,A3A2
G350,A2
G351,A3
G352,A1A3A2
G353,A3
G354,A2
G355,A2
G356,A2
G357,A1
G358,A1A2
G359,A3A2
G360,A1A2
G361,A1A3A2
G362,A3
G363,A3A2
G364,A1A2
G365,A2
G366,A1
G367,A2
G368,A1A2
G369,A1A3
G370,A1
G371,A3A2
G372,A3
G373,A1A3A2
G374,A3
G375,A2
G376,A1A2
G377,A1A3
G378,A1A3
G379,A1
G380,A3
G381,A1A3
G382,A3
G383,A1A3
G384,A1
G385,A1A2
G386,A3A2
G387,A2
G388,A1A2
G389,A3A2
G390,A3
G391,A3
G392,A3
G393,A3
G394,A2
G395,A3
G396,A1A3
G397,A1
G398,A3A2
G399,A1A3
G400,A1A3
G401,A3A2
G402,A3
G403,A2
G404,A1
G405,A3A2
G406,A3A2
G407,A1A2
G408,A2
G409,A1A3A2
G410,A1
G411,A3A2
G412,A3
G413,A3A2
G414,A1A2
G415,A1A3A2
G416,A1A2
G417,A1
G418,A1
G419,A1A3
G420,A2
G421,A3
G422,A1A2
G423,A3A2
G424,A1
G425,A1A3
G426,A1
G427,A1A2
G428,A1A2
G429,A3A2
G430,A1A2
G431,A3A2
G432,A2
G433,A3A2
G434,A3
G435,A1A3
G436,A1
G437,A3
G438,A1A3
G439,A3A2
G440,A1
G441,A1A2
G442,A1
G443,A1
G444,A1
G445,A2
G446,A1A3
G447,A1A2
G448,A2
G449,A2
G450,A3
G451,A1A3A2
G452,A2
G453,A3
G454,A3
G455,A1A3
G456,A2
G457,A1A3
G458,A3A2
G459,A1A3
G460,A1
G461,A1A2
G462,A1A2
G463,A2
G464,A1A3
G465,A3A2
G466,A3
G467,A1A3
G468,A2
G469,A3
G470,A3A2
G471,A1A2
G472,A2
G473,A1A3
G474,A1
G475,A3A2
G476,A1A3
G477,A3A2
G478,A2
G479,A1
G480,A1A3A2
G481,A1A3
G482,A1A2
G483,A3A2
G484,A1A2
G485,A3
G486,A2
G487,A1A3A2
G488,A1
G489,A2
G490,A2
G491,A1
G492,A3A2
G493,A1
G494,A3
G495,A2
G496,A3
G497,A1
G498,A3
G499,A1A2
G500,A2
G501,A1
G502,A3
G503,A1A2
G504,A3A2
G505,A1
G506,A1
G507,A1A3A2
G508,A1A3
G509,A1A3
G510,A2
G511,A1
G512,A1
G513,A1
G514,A3A2
G515,A3A2
G516,A3A2
G517,A1A3
G518,A2
G519,A3
G520,A1A2
G521,A1A2
G522,A3A2
G523,A3
G524,A2
G525,A1A2
G526,A2
G527,A3A2
G528,A3
G529,A1A3
G530,A3A2
G531,A1
G532,A3
G533,A1A3
G534,A1A3A2
G535,A3
G536,A3
G537,A3A2
G538,A3A2
G539,A2
G540,A3A2
G541,A2
G542,A1A3
G543,A1
G544,A1A2
G545,A2
G546,A1A2
G547,A3A2
G548,A3
G549,A3
G550,A3A2
G551,A1
G552,A2
G553,A1
G554,A1A2
G555,A1A3
G556,A1A3A2
G557,A1A2
G558,A3A2
G559,A2
G560,A1A3
G561,A1A2
G562,A3
G563,A1
G564,A1A2
G565,A3A2
G566,A1
G567,A2
G568,A3
G569,A3A2
G570,A1A2
G571,A1
G572,A1
G573,A3A2
G574,A2
G575,A3A2
G576,A1
G577,A3A2
G578,A1A2
G579,A3A2
G580,A1A3
G581,A1A3
G582,A1A3
G583,A1
G584,A1
G585,A1
G586,A3
G587,A2
G588,A1
G589,A3A2
G590,A1A2
G591,A2
G592,A1A2
G593,A1A3A2
G594,A2
G595,A1A2
G596,A2
G597,A3A2
G598,A1
G599,A1A2
G600,A1A3
G601,A1A3
G602,A1A3
G603,A1A2
G604,A1A3A2
G605,A3
G606,A2
G607,A3
G608,A3
G609,A3
G610,A1A3
G611,A3
G612,A1
G613,A3
G614,A3
G615,A1A3
G616,A1A3A2
G617,A2
G618,A1A3
G619,A3A2
G620,A1A3
G621,A3A2
G622,A3A2
G623,A1A2
G624,A2
G625,A1A2
G626,A3
G627,A3
G628,A1
G629,A1A3
G630,A3
G631,A1A2
G632,A2
G633,A1A2
G634,A1A2
G635,A1A3A2
G636,A1A3
G637,A1A2
G638,A1
G639,A1A2
G640,A1A3
G641,A3
G642,A1A3
G643,A1A3
G644,A2
G645,A1
G646,A1
G647,A1A3A2
G648,A1A2
G649,A1A2
G650,A1A3
G651,A3A2
G652,A1
G653,A1
G654,A3
G655,A2
G656,A2
G657,A3A2
G658,A3
G659,A3A2
G660,A2
G661,A1
G662,A1
G663,A1A3A2
G664,A1A3
G665,A3
G666,A3
G667,A1A2
G668,A1A3
G669,A3
G670,A3A2
G671,A1
G672,A1A2
G673,A2
G674,A1A2
G675,A3
G676,A1A3
G677,A1A2
G678,A1
G679,A1
G680,A1
G681,A2
G682,A1A3
G683,A2
G684,A1A2
G685,A3A2
G686,A1A3A2
G687,A1A2
G688,A1
G689,A1A2
G690,A1A3A2
G691,A1
G692,A3
G693,A3
G694,A1
G695,A3A2
G696,A1A3
G697,A1A2
G698,A3A2
G699,A3
G700,A3
G701,A2
G702,A1A3
G703,A2
G704,A1A2
G705,A3
G706,A3
G707,A3A2
G708,A2
G709,A3
G710,A1
G711,A1A2
G712,A3
G713,A1A3A2
G714,A2
G715,A1
G716,A1A2
G717,A1A2
G718,A2
G719,A1
G720,A1A3A2
G721,A3
G722,A1A3
G723,A1
G724,A1
G725,A1A3
G726,A3
G727,A2
G728,A2
G729,A2
G730,A1
G731,A3A2
G732,A1
G733,A3
G734,A3
G735,A3
G736,A3A2
G737,A1A2
G738,A3
G739,A1A3A2
G740,A3A2
G741,A1A3
G742,A1A2
G743,A1A2
G744,A1A2
G745,A3A2
G746,A3A2
G747,A3A2
G748,A2
G749,A1A2
G750,A2
G751,A3
G752,A3
G753,A1A2
G754,A3
G755,A1A3
G756,A1A3A2
G757,A1A3
G758,A1
G759,A1
G760,A1
G761,A3A2
G762,A1A3
G763,A1A3
G764,A1A3
G765,A3
G766,A1A3
G767,A1A3
G768,A1A2
G769,A2
G770,A1A2
G771,A1A3
G772,A1
G773,A1
G774,A3A2
G775,A3
G776,A1A3A2
G777,A2
G778,A2
G779,A3A2
G780,A3A2
G781,A3A2
G782,A1
G783,A3A2
G784,A3A2
G785,A1A2
G786,A1A2
G787,A1A3
G788,A1A2
G789,A1
G790,A1
G791,A2
G792,A1
G793,A3A2
G794,A1A2
G795,A1
G796,A3
G797,A3
G798,A1A3
G799,A1A2
G800,A3A2
G801,A3A2
G802,A3
G803,A3A2
G804,A1A2
G805,A1A2
G806,A2
G807,A3
G808,A1A2
G809,A3A2
G810,A2
G811,A3A2
G812,A3
G813,A1A3A2
G814,A1A3
G815,A2
G816,A2
G817,A2
G818,A1A3
G819,A1A3A2
G820,A3A2
G821,A3A2
G822,A1A2
G823,A3
G824,A3
G825,A1A2
G826,A1
G827,A2
G828,A1
G829,A3A2
G830,A2
G831,A1A3
G832,A1A3
G833,A1A2
G834,A3A2
G835,A2
G836,A1A2
G837,A1A3
G838,A3A2
G839,A3
G840,A1A3A2
G841,A2
G842,A1
G843,A2
G844,A3A2
G845,A1A3
G846,A1A3A2
G847,A2
G848,A3
G849,A3
G850,A3
G851,A1A3A2
G852,A1
G853,A1A3
G854,A2
G855,A1A3
G856,A3A2
G857,A3
G858,A1A2
G859,A1A3
G860,A2
G861,A2
G862,A3A2
G863,A1
G864,A2
G865,A2
G866,A2
G867,A3
G868,A3A2
G869,A1A2
G870,A1A3
G871,A2
G872,A1
G873,A2
G874,A1A3
G875,A1A3
G876,A2
G877,A2
G878,A2
G879,A2
G880,A1A3
G881,A1A2
G882,A3A2
G883,A2
G884,A3
G885,A1
G886,A1A3
G887,A3A2
G888,A3
G889,A1A3A2
G890,A3
G891,A1A2
G892,A2
G893,A1A2
G894,A3A2
G895,A1
G896,A1
G897,A1A2
G898,A1A2
G899,A2
G900,A3
G901,A1A3A2
G902,A2
G903,A1A2
G904,A1
G905,A1A3
G906,A1A2
G907,A1A3A2
G908,A1A3A2
G909,A1
G910,A1A3
G911,A1A3
G912,A1A3
G913,A2
G914,A3A2
G915,A3A2
G916,A1A2
G917,A3
G918,A2
G919,A3A2
G920,A1A3
G921,A3A2
G922,A1
G923,A2
G924,A3A2
G925,A1A3
G926,A1A3
G927,A2
G928,A3
G929,A2
G930,A1A2
G931,A1
G932,A2
G933,A1A2
G934,A1A2
G935,A3A2
G936,A1A3
G937,A2
G938,A1A2
G939,A1
G940,A2
G941,A1A2
G942,A1A2
G943,A1A2
G944,A1
G945,A1
G946,A1A2
G947,A3A2
G948,A2
G949,A1
G950,A3
G951,A3
G952,A1
G953,A2
G954,A1
G955,A1
G956,A1A3A2
G957,A1A3A2
G958,A3
G959,A1A2
G960,A1A3
G961,A1A3
G962,A1A3
G963,A1A3
G964,A3
G965,A1
G966,A3
G967,A1A2
G968,A3A2
G969,A1A2
G970,A1A3
G971,A1A3
G972,A1A3
G973,A3
G974,A3
G975,A2
G976,A1A3A2
G977,A1
G978,A2
G979,A1A2
G980,A3A2
G981,A1A3
G982,A1A3
G983,A2
G984,A1A3
G985,A3A2
G986,A1
G987,A1A3
G988,A1A3
G989,A3
G990,A3
G991,A1A3
G992,A1A3
G993,A1A2
G994,A1A3A2
G995,A1
G996,A1A3A2
G997,A1
G998,A1
G999,A1
