G0,A1
G1,A3A2
G2,A1
G3,A1A2
G4,A1
G5,A3
G6,A1A3
G7,A2
G8,A3A2
G9,A1A3
G10,A3
G11,A3A2
G12,A1A3
G13,A2
G14,A1A3
G15,A1A3A2
G16,A1A3
G17,A1A2
G18,A2
G19,A3A2
G20,A3
G21,A1A3
G22,A3
G23,A1A3
G24,A3A2
G25,A3A2
G26,A3
G27,A1
G28,A1
G29,A3
G30,A3A2
G31,A1A2
G32,A1A3A2
G33,A1
G34,A3A2
G35,A3
G36,A3A2
G37,A1
G38,A2
G39,A2
G40,A2
G41,A3
G42,A1
G43,A1
G44,A1A2
G45,A1A2
G46,A1A2
G47,A3A2
G48,A1A3
G49,A1A2
G50,A1A2
G51,A1
G52,A3
G53,A1A2
G54,A2
G55,A1
G56,A1
G57,A1A2
G58,A1
G59,A1
G60,A2
G61,A1A3
G62,A1A3A2
G63,A3
G64,A2
G65,A3A2
G66,A3A2
G67,A2
G68,A3
G69,A3
G70,A1
G71,A1A3
G72,A1A2
G73,A1A2
G74,A1A3
G75,A1A2
G76,A3
G77,A3A2
G78,A1A2
G79,A1
G80,A1A2
G81,A3
G82,A1A3
G83,A1
G84,A3
G85,A1
G86,A1A2
G87,A2
G88,A3A2
G89,A2
G90,A1A3A2
G91,A2
G92,A3
G93,A1A2
G94,A3
G95,A3
G96,A2
G97,A3
G98,A3A2
G99,A3
G100,A3
G101,A1
G102,A2
G103,A2
G104,A3A2
G105,A3A2
G106,A3
G107,A3A2
G108,A1
G109,A3A2
G110,A3
G111,A2
G112,A1A3
G113,A3
G114,A3
G115,A3A2
G116,A1
G117,A1
G118,A2
G119,A3
G120,A3A2
G121,A1A2
G122,A1
G123,A1A3
G124,A1A2
G125,A3
G126,A1A2
G127,A1A3
G128,A1
G129,A2
G130,A1A2
G131,A3A2
G132,A3
G133,A2
G134,A1A3
G135,A1A2
G136,A1A3
G137,A1
G138,A1A3
G139,A1A3A2
G140,A1A3A2
G141,A1A2
G142,A1A2
G143,A3
G144,A3A2
G145,A2
G146,A1A3
G147,A1A3
G148,A3A2
G149,A3A2
G150,A3
G151,A3
G152,A1A3
G153,A1
G154,A1A3
G155,A1A3
G156,A1
G157,A2
G158,A2
G159,A3A2
G160,A3
G161,A2
G162,A3A2
G163,A2
G164,A1A2
G165,A1A3
G166,A2
G167,A1A2
G168,A3
G169,A1A2
G170,A1A2
G171,A1A3
G172,A3A2
G173,A2
G174,A1A2
G175,A3
G176,A1
G177,A1A3A2
G178,A3A2
G179,A3
G180,A1A3
G181,A1A3
G182,A1A2
G183,A2
G184,A3A2
G185,A3A2
G186,A2
G187,A2
G188,A3A2
G189,A1A2
G190,A1
G191,A3
G192,A3
G193,A1A3A2
G194,A1A2
G195,A1A2
G196,A3
G197,A3
G198,A1A2
G199,A2
G200,A1
G201,A2
G202,A1A3A2
G203,A1A3A2
G204,A2
G205,A3
G206,A1A3
G207,A1
G208,A2
G209,A2
G210,A1
G211,A3
G212,A1A2
G213,A2
G214,A3
G215,A3A2
G216,A3A2
G217,A3A2
G218,A3
G219,A1A3A2
G220,A2
G221,A3A2
G222,A1
G223,A2
G224,A3
G225,A2
G226,A1A3A2
G227,A1A2
G228,A1A2
G229,A2
G230,A1
G231,A3
G232,A1A3
G233,A3
G234,A1A3A2
G235,A3A2
G236,A1A2
G237,A3A2
G238,A2
G239,A2
G240,A1A3
G241,A3A2
G242,A1
G243,A3A2
G244,A1A3
G245,A3
G246,A2
G247,A1A3
G248,A2
G249,A3
G250,A3
G251,A3A2
G252,A3
G253,A3A2
G254,A1
G255,A3
G256,A1A3
G257,A1A2
G258,A1A2
G259,A3A2
G260,A3
G261,A2
G262,A1A3
G263,A3A2
G264,A1
G265,A1A3
G266,A1A3A2
G267,A1A2
G268,A1A3A2
G269,A3
G270,A3A2
G271,A1
G272,A3A2
G273,A3
G274,A3
G275,A1A2
G276,A2
G277,A1
G278,A1
G279,A1A3A2
G280,A3
G281,A1A3
G282,A2
G283,A3A2
G284,A1A3
G285,A1A3A2
G286,A1
G287,A1A3
G288,A2
G289,A2
G290,A1
G291,A2
G292,A1A3
G293,A3
G294,A2
G295,A3A2
G296,A3A2
G297,A1A2
G298,A1
G299,A3
G300,A1
G301,A1A2
G302,A2
G303,A1A3A2
G304,A2
G305,A1
G306,A3
G307,A2
G308,A2
G309,A3
G310,A2
G311,A1A2
G312,A2
G313,A1
G314,A2
G315,A3
G316,A2
G317,A1A3
G318,A1
G319,A1A2
G320,A2
G321,A3
G322,A1A2
G323,A3
G324,A2
G325,A3A2
G326,A1
G327,A1A3A2
G328,A1A2
G329,A1
G330,A3A2
G331,A1A2
G332,A1
G333,A1A2
G334,A1A2
G335,A2
G336,A1
G337,A1
G338,A3A2
G339,A1A3
G340,A1A3
G341,A2
G342,A1A3
G343,A1
G344,A2
G345,A1A2
G346,A2
G347,A1
G348,A3
G349,A2
G350,A1A2
G351,A3A2
G352,A1
G353,A2
G354,A1A3
G355,A1A3A2
G356,A3A2
G357,A3A2
G358,A3A2
G359,A1
G360,A1A3A2
G361,A1
G362,A1
G363,A3A2
G364,A3
G365,A1A2
G366,A1
G367,A1A3
G368,A1A2
G369,A2
G370,A3A2
G371,A1A3
G372,A2
G373,A1A3A2
G374,A1
G375,A2
G376,A1
G377,A1
G378,A3
G379,A1A3
G380,A1
G381,A1A3
G382,A1A2
G383,A1
G384,A1
G385,A2
G386,A1
G387,A3A2
G388,A1A3
G389,A1
G390,A1A2
G391,A1A3
G392,A2
G393,A3
G394,A2
G395,A3
G396,A1
G397,A1A2
G398,A1A3
G399,A1
G400,A2
G401,A3
G402,A1
G403,A3
G404,A1
G405,A3A2
G406,A2
G407,A2
G408,A1
G409,A3
G410,A2
G411,A3A2
G412,A1A3
G413,A2
G414,A3
G415,A2
G416,A1
G417,A2
G418,A1A3
G419,A1A3
G420,A1A2
G421,A2
G422,A3A2
G423,A1A3A2
G424,A3
G425,A1A2
G426,A3A2
G427,A2
G428,A1A2
G429,A3A2
G430,A3
G431,A1
G432,A1
G433,A1
G434,A3
G435,A1A2
G436,A1A3A2
G437,A1A2
G438,A1
G439,A1A3
G440,A3
G441,A3
G442,A3A2
G443,A1A2
G444,A3A2
G445,A1A3
G446,A3A2
G447,A2
G448,A2
G449,A3A2
G450,A3
G451,A2
G452,A2
G453,A1A3
G454,A1A3
G455,A1A3A2
G456,A2
G457,A2
G458,A1A3
G459,A1A3
G460,A3
G461,A2
G462,A1A3
G463,A2
G464,A3
G465,A3
G466,A1A2
G467,A1A3A2
G468,A2
G469,A1A3
G470,A3
G471,A2
G472,A1
G473,A2
G474,A3
G475,A2
G476,A1A3A2
G477,A3A2
G478,A2
G479,A1A3A2
G480,A1A2
G481,A1A2
G482,A2
G483,A1A3
G484,A1
G485,A1A2
G486,A1A2
G487,A2
G488,A1A2
G489,A1
G490,A3
G491,A1A2
G492,A3
G493,A1
G494,A1
G495,A2
G496,A1
G497,A3
G498,A2
G499,A2
G500,A3A2
G501,A3
G502,A3
G503,A1A2
G504,A3
G505,A2
G506,A1A2
G507,A1A3
G508,A3A2
G509,A1
G510,A1A3
G511,A1A2
G512,A1
G513,A2
G514,A1
G515,A3
G516,A1A2
G517,A1A2
G518,A2
G519,A1A3A2
G520,A1
G521,A2
G522,A1A3
G523,A1A2
G524,A1
G525,A3A2
G526,A1A2
G527,A1A3
G528,A1A2
G529,A1A3
G530,A3
G531,A2
G532,A2
G533,A3
G534,A1A3A2
G535,A1
G536,A2
G537,A1A3A2
G538,A1A3A2
G539,A1
G540,A3A2
G541,A1
G542,A1
G543,A1
G544,A1A3A2
G545,A3A2
G546,A3
G547,A1A3A2
G548,A3
G549,A3A2
G550,A1A3A2
G551,A1A3
G552,A3A2
G553,A3A2
G554,A1
G555,A2
G556,A3A2
G557,A2
G558,A1A2
G559,A1
G560,A2
G561,A1A2
G562,A2
G563,A1
G564,A3
G565,A1
G566,A1
G567,A1A2
G568,A3A2
G569,A1A2
G570,A1
G571,A3A2
G572,A2
G573,A3
G574,A1A2
G575,A3A2
G576,A3
G577,A2
G578,A2
G579,A1A2
G580,A1A2
G581,A1A2
G582,A1A2
G583,A1A3
G584,A1A2
G585,A3
G586,A3A2
G587,A3A2
G588,A3A2
G589,A1A2
G590,A1A3A2
G591,A1
G592,A3A2
G593,A2
G594,A1A3
G595,A3A2
G596,A1
G597,A2
G598,A1
G599,A2
G600,A1
G601,A3
G602,A1A3
G603,A3A2
G604,A1A3
G605,A1
G606,A3
G607,A1A2
G608,A1A3
G609,A2
G610,A2
G611,A1A3
G612,A3A2
G613,A1A2
G614,A1A2
G615,A2
G616,A3A2
G617,A3
G618,A1
G619,A1
G620,A3
G621,A3
G622,A3
G623,A1A2
G624,A1
G625,A3
G626,A2
G627,A1
G628,A1
G629,A1A3
G630,A3
G631,A1A2
G632,A3A2
G633,A1A3
G634,A3
G635,A3
G636,A1A3
G637,A3A2
G638,A3A2
G639,A1A2
G640,A1
G641,A1
G642,A1A2
G643,A2
G644,A1A2
G645,A3
G646,A1
G647,A1A3A2
G648,A1A3
G649,A1A3A2
G650,A1
G651,A2
G652,A1
G653,A1A3
G654,A2
G655,A1
G656,A2
G657,A3
G658,A1A3
G659,A1
G660,A3A2
G661,A1A3
G662,A1A3
G663,A2
G664,A2
G665,A2
G666,A3A2
G667,A1
G668,A2
G669,A2
G670,A1
G671,A1
G672,A1A3A2
G673,A2
G674,A1A3
G675,A3A2
G676,A1A2
G677,A1
G678,A1
G679,A3
G680,A1A3
G681,A3
G682,A1A3
G683,A3A2
G684,A1A2
G685,A1A2
G686,A1
G687,A2
G688,A2
G689,A3
G690,A3
G691,A3A2
G692,A3A2
G693,A1A3A2
G694,A1A3A2
G695,A3
G696,A1A2
G697,A3A2
G698,A2
G699,A1A3A2
G700,A1A2
G701,A1A2
G702,A1
G703,A1
G704,A2
G705,A1A3
G706,A1
G707,A3A2
G708,A3
G709,A1A3
G710,A3A2
G711,A3A2
G712,A1A3A2
G713,A1A3
G714,A1A3
G715,A1A3A2
G716,A1A3A2
G717,A3
G718,A3
G719,A1A3
G720,A1A3
G721,A3
G722,A1A3
G723,A2
G724,A1A3
G725,A1A3
G726,A1A3A2
G727,A1A3
G728,A1A2
G729,A2
G730,A1
G731,A1A3
G732,A3
G733,A1A3A2
G734,A1A2
G735,A1
G736,A1A3
G737,A1A3
G738,A1A3A2
G739,A1
G740,A3A2
G741,A2
G742,A1
G743,A3A2
G744,A1A2
G745,A3A2
G746,A1A2
G747,A1A3A2
G748,A2
G749,A3
G750,A3
G751,A1
G752,A1A3
G753,A3
G754,A1A2
G755,A1A3
G756,A3
G757,A3
G758,A1A3A2
G759,A1A3A2
G760,A3A2
G761,A1A3A2
G762,A3
G763,A1
G764,A3A2
G765,A1
G766,A1A2
G767,A3A2
G768,A1
G769,A2
G770,A3A2
G771,A2
G772,A1A2
G773,A1A3
G774,A3A2
G775,A1A3
G776,A1
G777,A2
G778,A1
G779,A2
G780,A3A2
G781,A3A2
G782,A1A2
G783,A3A2
G784,A1A3
G785,A3
G786,A1A3
G787,A1
G788,A3
G789,A3A2
G790,A3
G791,A3A2
G792,A1A3
G793,A2
G794,A1A3A2
G795,A1A2
G796,A1A3A2
G797,A1A3
G798,A3
G799,A3
G800,A1A3
G801,A2
G802,A1
G803,A3A2
G804,A1A3A2
G805,A1A2
G806,A3A2
G807,A2
G808,A3
G809,A3A2
G810,A1A3
G811,A2
G812,A1A3
G813,A1A2
G814,A1A3
G815,A1A2
G816,A1
G817,A2
G818,A3
G819,A1
G820,A3
G821,A1A3
G822,A2
G823,A1A3
G824,A1A2
G825,A3
G826,A1A2
G827,A1A3A2
G828,A3
G829,A1A3A2
G830,A1
G831,A1A3A2
G832,A3
G833,A1A3A2
G834,A3A2
G835,A1A3
G836,A3A2
G837,A1A3A2
G838,A2
G839,A1
G840,A1
G841,A3A2
G842,A3A2
G843,A1A2
G844,A3
G845,A3
G846,A1A3
G847,A2
G848,A1A3
G849,A1A3
G850,A3A2
G851,A3
G852,A1A3
G853,A2
G854,A1A3
G855,A1A3A2
G856,A1A2
G857,A2
G858,A1A2
G859,A3A2
G860,A1
G861,A3
G862,A3
G863,A1
G864,A1
G865,A1A3
G866,A3A2
G867,A1A3
G868,A3A2
G869,A1A3A2
G870,A1
G871,A1A3
G872,A3
G873,A1A3
G874,A3A2
G875,A2
G876,A1A2
G877,A3
G878,A2
G879,A1
G880,A3A2
G881,A1A2
G882,A1A3
G883,A1A3A2
G884,A1A2
G885,A1A2
G886,A1A3
G887,A1A2
G888,A3
G889,A3A2
G890,A1A3A2
G891,A3
G892,A2
G893,A1A3
G894,A2
G895,A1A3
G896,A2
G897,A2
G898,A1
G899,A2
G900,A1
G901,A2
G902,A1A3A2
G903,A1A3
G904,A1A3
G905,A3A2
G906,A1A3
G907,A1
G908,A1
G909,A1A2
G910,A3
G911,A3
G912,A3
G913,A2
G914,A1A3
G915,A1A3A2
G916,A1A2
G917,A3A2
G918,A1
G919,A3A2
G920,A2
G921,A3A2
G922,A1A3A2
G923,A1A2
G924,A2
G925,A1A3
G926,A1
G927,A2
G928,A1A3A2
G929,A1
G930,A3
G931,A1A3A2
G932,A1A3
G933,A1A2
G934,A1A2
G935,A1
G936,A3A2
G937,A2
G938,A1A3
G939,A3
G940,A1A3A2
G941,A3
G942,A3
G943,A1A3
G944,A2
G945,A3
G946,A1
G947,A3
G948,A1A3
G949,A1A2
G950,A1A3A2
G951,A1A3
G952,A2
G953,A2
G954,A2
G955,A1A3
G956,A2
G957,A1
G958,A1A2
G959,A3
G960,A1A3A2
G961,A2
G962,A1A3
G963,A1A3
G964,A1A2
G965,A1A3A2
G966,A3A2
G967,A1A2
G968,A1A3
G969,A1
G970,A1
G971,A2
G972,A3A2
G973,A1A3
G974,A3
G975,A3
G976,A3A2
G977,A1A2
G978,A1
G979,A3
G980,A2
G981,A2
G982,A3
G983,A1A2
G984,A1A3
G985,A1A3
G986,A3
G987,A1A3A2
G988,A1
G989,A3A2
G990,A1A3A2
G991,A1A3
G992,A1A3A2
G993,A1
G994,A2
G995,A1
G996,A1A3
G997,A1
G998,A1A3A2
G999,A2
